src/routes/cart.tsx(5,5): error TS6133: 'ShoppingBag' is declared but its value is never read.
src/routes/cart.tsx(170,57): error TS2345: Argument of type '{ to: "/checkout"; }' is not assignable to parameter of type 'NavigateOptions<RouterCore<Route<Register, any, "/", "/", string, "__root__", undefined, {}, {}, () => { lang: string; }, () => Promise<{ lang: string; }>, {}, undefined, RootRouteChildren, FileRouteTypes, unknown, unknown, undefined>, "never", false, RouterHistory, Record<...>>, string, "/checkout", string, "">'.
  Property 'search' is missing in type '{ to: "/checkout"; }' but required in type 'MakeRequiredSearchParams<RouterCore<Route<Register, any, "/", "/", string, "__root__", undefined, {}, {}, () => { lang: string; }, () => Promise<{ lang: string; }>, {}, undefined, RootRouteChildren, FileRouteTypes, unknown, unknown, undefined>, "never", false, RouterHistory, Record<...>>, string, "/checkout">'.
src/routes/checkout.tsx(24,24): error TS2352: Conversion of type 'ParsedHistoryState' to type 'TicketCheckoutData | undefined' may be a mistake because neither type sufficiently overlaps with the other. If this was intentional, convert the expression to 'unknown' first.
src/routes/exhibitions/$id.tsx(40,11): error TS6133: 'addTicket' is declared but its value is never read.
src/routes/exhibitions/$id.tsx(50,22): error TS6133: 'setIsBooked' is declared but its value is never read.
src/routes/exhibitions/$id.tsx(85,13): error TS2322: Type '{ exhibitionId: number; exhibitionTitle: string; tierId: number; tierName: string; tierPrice: number; visitDate: string; timeSlotId: number; slotDisplay: string; }' is not assignable to type 'true | NonNullableUpdater<ParsedHistoryState, HistoryState> | undefined'.
src/routes/login/forgot-password.tsx(21,11): error TS6133: 'setAuth' is declared but its value is never read.
src/routes/login/forgot-password.tsx(26,31): error TS6133: 'setSecondNewPassword' is declared but its value is never read.
src/routes/login/forgot-password.tsx(30,12): error TS6133: 'isLoading' is declared but its value is never read.
src/routes/order-success.tsx(52,21): error TS2322: Type '{ initial: { opacity: number; y: number; }; animate: { opacity: number; y: number; transition: { duration: number; ease: number[]; }; }; }' is not assignable to type 'Variants'.
  Property 'animate' is incompatible with index signature.
    Type '{ opacity: number; y: number; transition: { duration: number; ease: number[]; }; }' is not assignable to type 'Variant'.
      Type '{ opacity: number; y: number; transition: { duration: number; ease: number[]; }; }' is not assignable to type 'TargetAndTransition'.
        Type '{ opacity: number; y: number; transition: { duration: number; ease: number[]; }; }' is not assignable to type '{ transition?: Transition<any> | undefined; transitionEnd?: ResolvedValues$1 | undefined; }'.
          Types of property 'transition' are incompatible.
            Type '{ duration: number; ease: number[]; }' is not assignable to type 'Transition<any> | undefined'.
              Type '{ duration: number; ease: number[]; }' is not assignable to type 'TransitionWithValueOverrides<any>'.
                Type '{ duration: number; ease: number[]; }' is not assignable to type 'ValueAnimationTransition<any>'.
                  Types of property 'ease' are incompatible.
                    Type 'number[]' is not assignable to type 'Easing | Easing[] | undefined'.
                      Type 'number[]' is not assignable to type 'EasingFunction | Easing[]'.
                        Type 'number[]' is not assignable to type 'Easing[]'.
                          Type 'number' is not assignable to type 'Easing'.
src/routes/order-success.tsx(72,25): error TS2322: Type '{ initial: { opacity: number; y: number; }; animate: { opacity: number; y: number; transition: { duration: number; ease: number[]; }; }; }' is not assignable to type 'Variants'.
  Property 'animate' is incompatible with index signature.
    Type '{ opacity: number; y: number; transition: { duration: number; ease: number[]; }; }' is not assignable to type 'Variant'.
      Type '{ opacity: number; y: number; transition: { duration: number; ease: number[]; }; }' is not assignable to type 'TargetAndTransition'.
        Type '{ opacity: number; y: number; transition: { duration: number; ease: number[]; }; }' is not assignable to type '{ transition?: Transition<any> | undefined; transitionEnd?: ResolvedValues$1 | undefined; }'.
          Types of property 'transition' are incompatible.
            Type '{ duration: number; ease: number[]; }' is not assignable to type 'Transition<any> | undefined'.
              Type '{ duration: number; ease: number[]; }' is not assignable to type 'TransitionWithValueOverrides<any>'.
                Type '{ duration: number; ease: number[]; }' is not assignable to type 'ValueAnimationTransition<any>'.
                  Types of property 'ease' are incompatible.
                    Type 'number[]' is not assignable to type 'Easing | Easing[] | undefined'.
                      Type 'number[]' is not assignable to type 'EasingFunction | Easing[]'.
                        Type 'number[]' is not assignable to type 'Easing[]'.
                          Type 'number' is not assignable to type 'Easing'.
src/routes/order-success.tsx(78,25): error TS2322: Type '{ initial: { opacity: number; y: number; }; animate: { opacity: number; y: number; transition: { duration: number; ease: number[]; }; }; }' is not assignable to type 'Variants'.
  Property 'animate' is incompatible with index signature.
    Type '{ opacity: number; y: number; transition: { duration: number; ease: number[]; }; }' is not assignable to type 'Variant'.
      Type '{ opacity: number; y: number; transition: { duration: number; ease: number[]; }; }' is not assignable to type 'TargetAndTransition'.
        Type '{ opacity: number; y: number; transition: { duration: number; ease: number[]; }; }' is not assignable to type '{ transition?: Transition<any> | undefined; transitionEnd?: ResolvedValues$1 | undefined; }'.
          Types of property 'transition' are incompatible.
            Type '{ duration: number; ease: number[]; }' is not assignable to type 'Transition<any> | undefined'.
              Type '{ duration: number; ease: number[]; }' is not assignable to type 'TransitionWithValueOverrides<any>'.
                Type '{ duration: number; ease: number[]; }' is not assignable to type 'ValueAnimationTransition<any>'.
                  Types of property 'ease' are incompatible.
                    Type 'number[]' is not assignable to type 'Easing | Easing[] | undefined'.
                      Type 'number[]' is not assignable to type 'EasingFunction | Easing[]'.
                        Type 'number[]' is not assignable to type 'Easing[]'.
                          Type 'number' is not assignable to type 'Easing'.
src/routes/order-success.tsx(90,21): error TS2322: Type '{ initial: { opacity: number; y: number; }; animate: { opacity: number; y: number; transition: { duration: number; ease: number[]; }; }; }' is not assignable to type 'Variants'.
  Property 'animate' is incompatible with index signature.
    Type '{ opacity: number; y: number; transition: { duration: number; ease: number[]; }; }' is not assignable to type 'Variant'.
      Type '{ opacity: number; y: number; transition: { duration: number; ease: number[]; }; }' is not assignable to type 'TargetAndTransition'.
        Type '{ opacity: number; y: number; transition: { duration: number; ease: number[]; }; }' is not assignable to type '{ transition?: Transition<any> | undefined; transitionEnd?: ResolvedValues$1 | undefined; }'.
          Types of property 'transition' are incompatible.
            Type '{ duration: number; ease: number[]; }' is not assignable to type 'Transition<any> | undefined'.
              Type '{ duration: number; ease: number[]; }' is not assignable to type 'TransitionWithValueOverrides<any>'.
                Type '{ duration: number; ease: number[]; }' is not assignable to type 'ValueAnimationTransition<any>'.
                  Types of property 'ease' are incompatible.
                    Type 'number[]' is not assignable to type 'Easing | Easing[] | undefined'.
                      Type 'number[]' is not assignable to type 'EasingFunction | Easing[]'.
                        Type 'number[]' is not assignable to type 'Easing[]'.
                          Type 'number' is not assignable to type 'Easing'.
